// Vitest Snapshot v1

exports[`GameCard > snapshots 1`] = `
<div>
  <div
    class="_ba-card-alt_53d2b9"
  >
    <img
      class="_ba-card-alt__image_53d2b9"
      src="https://assets1.ignimgs.com/2020/02/14/persona-5-royal---button-fin-1581716582492.jpg"
    />
    <div
      class="_ba-card-alt__info_53d2b9"
    >
      <span
        class="ant-tag _ba-tag__platform_202fa9 _ba-tag__platform--nintendo_202fa9 css-dev-only-do-not-override-sk7ap8"
      >
        Nintendo Switch
      </span>
      <h3
        class="_ba-card-alt__title_53d2b9"
      >
        Persona 5 Royal
      </h3>
    </div>
  </div>
</div>
`;
