// Vitest Snapshot v1

exports[`GameCard > snapshots 1`] = `
<div>
  <div
    class="ant-card ant-card-bordered _ba-card_53d2b9 css-dev-only-do-not-override-sk7ap8"
  >
    <div
      class="ant-card-body"
    >
      <h4>
        Persona 5 Royal
      </h4>
      <div>
        <span
          class="ant-tag _ba-card__platform_53d2b9 _ba-card__platform--nintendo_53d2b9 css-dev-only-do-not-override-sk7ap8"
        >
          Nintendo Switch
        </span>
        <button
          class="ant-btn css-dev-only-do-not-override-sk7ap8 ant-btn-default ant-dropdown-trigger"
          type="button"
        >
          <div
            class="ant-space css-dev-only-do-not-override-sk7ap8 ant-space-horizontal ant-space-align-center"
          >
            <div
              class="ant-space-item"
              style="margin-right: 8px;"
            >
              Move to
            </div>
            <div
              class="ant-space-item"
            >
              <span
                aria-label="down"
                class="anticon anticon-down"
                role="img"
              >
                <svg
                  aria-hidden="true"
                  data-icon="down"
                  fill="currentColor"
                  focusable="false"
                  height="1em"
                  viewBox="64 64 896 896"
                  width="1em"
                >
                  <path
                    d="M884 256h-75c-5.1 0-9.9 2.5-12.9 6.6L512 654.2 227.9 262.6c-3-4.1-7.8-6.6-12.9-6.6h-75c-6.5 0-10.3 7.4-6.5 12.7l352.6 486.1c12.8 17.6 39 17.6 51.7 0l352.6-486.1c3.9-5.3.1-12.7-6.4-12.7z"
                  />
                </svg>
              </span>
            </div>
          </div>
        </button>
      </div>
    </div>
  </div>
</div>
`;
