// Vitest Snapshot v1

exports[`App Component > snapshot 1`] = `
<div>
  <div
    class="container"
  >
    <header
      class="ba-header"
    >
      <a
        href="src/ui/components#"
      >
        Backlog App
      </a>
      <div
        class="ba-header__buttons"
      >
        <button
          class="ba-button ba-button--primary"
        >
          Sign in
        </button>
        <button
          class="ba-button ba-button--secondary"
        >
          Sign up
        </button>
      </div>
    </header>
    <button
      class="ba-button ba-button--primary"
    >
      Add Persona 5
    </button>
    <button
      class="ba-button ba-button--secondary"
    >
      Remove Persona 5
    </button>
  </div>
</div>
`;
